============================= test session starts =============================
platform win32 -- Python 3.12.6, pytest-8.4.2, pluggy-1.6.0
PySide6 6.10.1 -- Qt runtime 6.10.1 -- Qt compiled 6.10.1
Using --randomly-seed=663750188
rootdir: C:\Users\corte\VS Code Projects\PDF-Text-Analizer
plugins: anyio-4.10.0, hypothesis-6.104.1, asyncio-1.2.0, base-url-2.1.0, cov-7.0.0, mock-3.15.1, playwright-0.7.2, qt-4.5.0, randomly-4.0.1, timeout-2.4.0, xdist-3.8.0
asyncio: mode=Mode.STRICT, debug=False, asyncio_default_fixture_loop_scope=None, asyncio_default_test_loop_scope=function
collected 15 items

tests\test_unit_text_analysis.py ...                                     [ 20%]
tests\test_integration_pipeline.py ....                                  [ 46%]
tests\test_unit_models.py ..                                             [ 60%]
tests\test_golden_contract.py .                                          [ 66%]
tests\test_unit_validators.py .....                                      [100%]

============================= 15 passed in 3.80s ==============================
